Processing DB1B Market data...
  Found 14 DB1B Market files
  Processing Origin and Destination Survey - DB1BMarket - 2022 - Q1.csv...
    1,000,000 rows...
    2,000,000 rows...
    3,000,000 rows...
    4,000,000 rows...
    5,000,000 rows...
    6,000,000 rows...
    6,072,572 rows processed
  Processing Origin and Destination Survey - DB1BMarket - 2022 - Q2.csv...
    1,000,000 rows...
    2,000,000 rows...
    3,000,000 rows...
    4,000,000 rows...
    5,000,000 rows...
    6,000,000 rows...
    7,000,000 rows...
    7,471,186 rows processed
  Processing Origin and Destination Survey - DB1BMarket - 2022 - Q3.csv...
    1,000,000 rows...
    2,000,000 rows...
    3,000,000 rows...
    4,000,000 rows...
    5,000,000 rows...
    6,000,000 rows...
    7,000,000 rows...
    7,038,588 rows processed
  Processing Origin and Destination Survey - DB1BMarket - 2022 - Q4.csv...
    1,000,000 rows...
    2,000,000 rows...
    3,000,000 rows...
    4,000,000 rows...
    5,000,000 rows...
    6,000,000 rows...
    7,000,000 rows...
    7,247,309 rows processed
  Processing Origin and Destination Survey - DB1BMarket - 2023 - Q1.csv...
    1,000,000 rows...
    2,000,000 rows...
    3,000,000 rows...
    4,000,000 rows...
    5,000,000 rows...
    6,000,000 rows...
    6,707,341 rows processed
  Processing Origin and Destination Survey - DB1BMarket - 2023 - Q2.csv...
    1,000,000 rows...
    2,000,000 rows...
    3,000,000 rows...
    3,185,865 rows processed
  Processing Origin and Destination Survey - DB1BMarket - 2023 - Q3.csv...
    1,000,000 rows...
    2,000,000 rows...
    3,000,000 rows...
    4,000,000 rows...
    5,000,000 rows...
    6,000,000 rows...
    7,000,000 rows...
    7,345,708 rows processed
  Processing Origin and Destination Survey - DB1BMarket - 2023 - Q4.csv...
    1,000,000 rows...
    2,000,000 rows...
    3,000,000 rows...
    4,000,000 rows...
    5,000,000 rows...
    6,000,000 rows...
    7,000,000 rows...
    7,747,291 rows processed
  Processing Origin and Destination Survey - DB1BMarket - 2024 - Q1.csv...
    1,000,000 rows...
    2,000,000 rows...
    3,000,000 rows...
    4,000,000 rows...
    5,000,000 rows...
    6,000,000 rows...
    7,000,000 rows...
    7,403,594 rows processed
  Processing Origin and Destination Survey - DB1BMarket - 2024 - Q2.csv...
    1,000,000 rows...
    2,000,000 rows...
    3,000,000 rows...
    4,000,000 rows...
    5,000,000 rows...
    6,000,000 rows...
    7,000,000 rows...
    8,000,000 rows...
    8,527,138 rows processed
  Processing Origin and Destination Survey - DB1BMarket - 2024 - Q3.csv...
    1,000,000 rows...
    2,000,000 rows...
    3,000,000 rows...
    4,000,000 rows...
    5,000,000 rows...
    6,000,000 rows...
    7,000,000 rows...
    8,000,000 rows...
    8,290,377 rows processed
  Processing Origin and Destination Survey - DB1BMarket - 2024 - Q4.csv...
    1,000,000 rows...
    2,000,000 rows...
    3,000,000 rows...
    4,000,000 rows...
    5,000,000 rows...
    6,000,000 rows...
    7,000,000 rows...
    8,000,000 rows...
    8,518,002 rows processed
  Processing Origin and Destination Survey - DB1BMarket - 2025 - Q1.csv...
    1,000,000 rows...
    2,000,000 rows...
    3,000,000 rows...
    4,000,000 rows...
    5,000,000 rows...
    6,000,000 rows...
    7,000,000 rows...
    7,290,528 rows processed
  Processing Origin and Destination Survey - DB1BMarket - 2025 - Q2.csv...
    1,000,000 rows...
    2,000,000 rows...
    3,000,000 rows...
    4,000,000 rows...
    5,000,000 rows...
    6,000,000 rows...
    7,000,000 rows...
    8,000,000 rows...
    8,442,941 rows processed
  Processed 101,288,440 total DB1B rows
  Saving 3,084,605 fare records...
    Saved 10,000 fare records...
    Saved 20,000 fare records...
    Saved 30,000 fare records...
    Saved 40,000 fare records...
    Saved 50,000 fare records...
    Saved 60,000 fare records...
    Saved 70,000 fare records...
    Saved 80,000 fare records...
    Saved 90,000 fare records...
    Saved 100,000 fare records...
    Saved 110,000 fare records...
    Saved 120,000 fare records...
    Saved 130,000 fare records...
    Saved 140,000 fare records...
    Saved 150,000 fare records...
    Saved 160,000 fare records...
    Saved 170,000 fare records...
    Saved 180,000 fare records...
    Saved 190,000 fare records...
    Saved 200,000 fare records...
    Saved 210,000 fare records...
    Saved 220,000 fare records...
    Saved 230,000 fare records...
    Saved 240,000 fare records...
    Saved 250,000 fare records...
    Saved 260,000 fare records...
    Saved 270,000 fare records...
    Saved 280,000 fare records...
    Saved 290,000 fare records...
    Saved 300,000 fare records...
    Saved 310,000 fare records...
    Saved 320,000 fare records...
    Saved 330,000 fare records...
    Saved 340,000 fare records...
    Saved 350,000 fare records...
    Saved 360,000 fare records...
    Saved 370,000 fare records...
    Saved 380,000 fare records...
    Saved 390,000 fare records...
    Saved 400,000 fare records...
    Saved 410,000 fare records...
    Saved 420,000 fare records...
    Saved 430,000 fare records...
    Saved 440,000 fare records...
    Saved 450,000 fare records...
    Saved 460,000 fare records...
    Saved 470,000 fare records...
    Saved 480,000 fare records...
    Saved 490,000 fare records...
    Saved 500,000 fare records...
    Saved 510,000 fare records...
    Saved 520,000 fare records...
    Saved 530,000 fare records...
    Saved 540,000 fare records...
    Saved 550,000 fare records...
    Saved 560,000 fare records...
    Saved 570,000 fare records...
    Saved 580,000 fare records...
    Saved 590,000 fare records...
    Saved 600,000 fare records...
    Saved 610,000 fare records...
    Saved 620,000 fare records...
    Saved 630,000 fare records...
    Saved 640,000 fare records...
    Saved 650,000 fare records...
    Saved 660,000 fare records...
    Saved 670,000 fare records...
  Saved 670,165 total fare records
Building airport fare flags...
  Flagged 443 airports with fare data
FARE IMPORT DONE
